-
    after: 1609459200
    before: 1612137599
    expense: 1514.2041737888
    income: 6807.4418551848
-
    after: 1612137600
    before: 1614556799
    expense: 4104.142930523
    income: 6730.7400181236
-
    after: 1614556800
    before: 1617235199
    expense: 38990.752864483
    income: 5349.8674012773
-
    after: 1617235200
    before: 1619827199
    expense: 2742.9148467769
    income: 6959.735408322
-
    after: 1619827200
    before: 1622505599
    expense: 2035.9354011288
    income: 7552.9796764106
-
    after: 1622505600
    before: 1625097599
    expense: 2359.2769808071
    income: 6429.3441176055
-
    after: 1625097600
    before: 1627775999
    expense: 3344.936314014
    income: 5700.2656389951
-
    after: 1627776000
    before: 1630454399
    expense: 4632.2274084731
    income: 0.0
-
    after: 1630454400
    before: 1633046399
    expense: 2329.2820682912
    income: 5477.0638275547
-
    after: 1633046400
    before: 1635724799
    expense: 3004.4595407912
    income: 7864.6598568357
-
    after: 1635724800
    before: 1638316799
    expense: 2293.1271547108
    income: 14429.068550154
-
    after: 1638316800
    before: 1640995199
    expense: 2326.1222892682
    income: 5.7575689021412
