[{"after":1612137600,"before":1612223999,"expense":69.66920137382611,"income":54.42804616440694},{"after":1612224000,"before":1612310399,"expense":21.132507660016074,"income":1.1838939865555225},{"after":1612310400,"before":1612396799,"expense":36.486132798158,"income":2.959734966388806},{"after":1612396800,"before":1612483199,"expense":4.9131600442054175,"income":202.57639601301207},{"after":1612483200,"before":1612569599,"expense":40.222798193223866,"income":0.0},{"after":1612569600,"before":1612655999,"expense":26.69680939682703,"income":0.0},{"after":1612656000,"before":1612742399,"expense":38.94389671424727,"income":0.0},{"after":1612742400,"before":1612828799,"expense":103.33737051048533,"income":0.0},{"after":1612828800,"before":1612915199,"expense":266.77511924846175,"income":0.0},{"after":1612915200,"before":1613001599,"expense":102.72529731943612,"income":0.5919469932777612},{"after":1613001600,"before":1613087999,"expense":5.815879208954003,"income":0.0},{"after":1613088000,"before":1613174399,"expense":49.039552684599485,"income":0.0},{"after":1613174400,"before":1613260799,"expense":11.602161068244119,"income":0.0},{"after":1613260800,"before":1613347199,"expense":132.74411324253794,"income":0.0},{"after":1613347200,"before":1613433599,"expense":104.64468544513927,"income":0.0},{"after":1613433600,"before":1613519999,"expense":262.03612643331667,"income":0.0},{"after":1613520000,"before":1613606399,"expense":64.40886441806329,"income":0.0},{"after":1613606400,"before":1613692799,"expense":0.0,"income":0.0},{"after":1613692800,"before":1613779199,"expense":1040.5144415579466,"income":0.0},{"after":1613779200,"before":1613865599,"expense":24.839575705418053,"income":0.0},{"after":1613865600,"before":1613951999,"expense":13.736721926003728,"income":0.0},{"after":1613952000,"before":1614038399,"expense":74.9407853224612,"income":0.0},{"after":1614038400,"before":1614124799,"expense":84.39970182943009,"income":6469.0},{"after":1614124800,"before":1614211199,"expense":1248.466211868427,"income":0.0},{"after":1614211200,"before":1614297599,"expense":29.780853231804162,"income":0.0},{"after":1614297600,"before":1614383999,"expense":74.75461799307533,"income":0.0},{"after":1614384000,"before":1614470399,"expense":9.234373095133074,"income":0.0},{"after":1614470400,"before":1614556799,"expense":162.28197223360158,"income":0.0},{"after":1614556800,"before":1614643199,"expense":58.7074970248151,"income":1.6120084396698795},{"after":1614643200,"before":1614729599,"expense":63.73468412002276,"income":0.0},{"after":1614729600,"before":1614815999,"expense":252.5037147238249,"income":87.12841283125634},{"after":1614816000,"before":1614902399,"expense":33.682459886891664,"income":0.0},{"after":1614902400,"before":1614988799,"expense":47.01139854169911,"income":0.0},{"after":1614988800,"before":1615075199,"expense":39.30212594871307,"income":0.0},{"after":1615075200,"before":1615161599,"expense":4.870949105045817,"income":0.0},{"after":1615161600,"before":1615247999,"expense":310.8982829720596,"income":0.0},{"after":1615248000,"before":1615334399,"expense":116.16754092033796,"income":0.0},{"after":1615334400,"before":1615420799,"expense":39.67219554109643,"income":6.1269800063469395},{"after":1615420800,"before":1615507199,"expense":34.86251623611409,"income":0.0},{"after":1615507200,"before":1615593599,"expense":44.708266757313304,"income":0.0},{"after":1615593600,"before":1615679999,"expense":91.73406370202733,"income":0.0},{"after":1615680000,"before":1615766399,"expense":23.595000004442063,"income":0.0},{"after":1615766400,"before":1615852799,"expense":114.48262141859256,"income":0.0},{"after":1615852800,"before":1615939199,"expense":38.1404505395097,"income":0.0},{"after":1615939200,"before":1616025599,"expense":100.16172470075756,"income":0.0},{"after":1616025600,"before":1616111999,"expense":41.68644021818299,"income":0.0},{"after":1616112000,"before":1616198399,"expense":59.615209112755394,"income":0.0},{"after":1616198400,"before":1616284799,"expense":84.47818762951097,"income":0.0},{"after":1616284800,"before":1616371199,"expense":2.8481266559503746,"income":0.0},{"after":1616371200,"before":1616457599,"expense":193.69650782665022,"income":0.0},{"after":1616457600,"before":1616543999,"expense":26.768162949729145,"income":0.0},{"after":1616544000,"before":1616630399,"expense":53.484859267404964,"income":0.0},{"after":1616630400,"before":1616716799,"expense":44.236795645824905,"income":0.0},{"after":1616716800,"before":1616803199,"expense":36749.187268517184,"income":0.0},{"after":1616803200,"before":1616889599,"expense":51.826592128687174,"income":0.0},{"after":1616889600,"before":1616975999,"expense":39.42098936083621,"income":0.0},{"after":1616976000,"before":1617062399,"expense":62.77673079603042,"income":0.0},{"after":1617062400,"before":1617148799,"expense":120.2634380831449,"income":5255.0},{"after":1617148800,"before":1617235199,"expense":46.22806414788766,"income":0.0}]