-
    after: 1577836800
    before: 1580515199
    expense: 1432.0973253775
    income: 9320.0
