-
    after: 1609459200
    before: 1617235199
    expense: 44609.099968795
    income: 18888.049274586
-
    after: 1617235200
    before: 1625097599
    expense: 7138.1272287128
    income: 20942.059202338
-
    after: 1625097600
    before: 1633046399
    expense: 10306.445790778
    income: 11177.32946655
-
    after: 1633046400
    before: 1640995199
    expense: 7623.7089847701
    income: 22299.485975892
