-
    after: 1609459200
    before: 1609984798
    expense: 151.33541018726
    income: 2.6483733480107
-
    after: 1609984799
    before: 1610510398
    expense: 144.35851265756
    income: 0.0
-
    after: 1610510399
    before: 1611035998
    expense: 449.37420035242
    income: 6800.1740211749
-
    after: 1611035999
    before: 1611561598
    expense: 620.33367909394
    income: 6803.6194606619
-
    after: 1611561599
    before: 1612087198
    expense: 293.33248473911
    income: 0.0
-
    after: 1612087199
    before: 1612612798
    expense: 271.34537049174
    income: 261.14807113036
-
    after: 1612612799
    before: 1613138398
    expense: 593.33392508301
    income: 0.59194699327776
-
    after: 1613138399
    before: 1613663998
    expense: 624.4755032919
    income: 0.0
-
    after: 1613663999
    before: 1614189598
    expense: 2486.8974382097
    income: 6469.0
-
    after: 1614189599
    before: 1614715198
    expense: 1646.9602095669
    income: 1.6120084396699
-
    after: 1614715199
    before: 1615240798
    expense: 752.00361529826
    income: 87.128412831256
-
    after: 1615240799
    before: 1615766398
    expense: 661.63786613339
    income: 6.1269800063469
-
    after: 1615766399
    before: 1616291998
    expense: 465.0077602797
    income: 0.0
-
    after: 1616291999
    before: 1616817598
    expense: 37122.048312991
    income: 0.0
-
    after: 1616817599
    before: 1617343198
    expense: 525.465952726
    income: 5255.6248436561
-
    after: 1617343199
    before: 1617868798
    expense: 476.30015169029
    income: 6926.0
-
    after: 1617868799
    before: 1618394398
    expense: 405.10965071973
    income: 16.555282332957
-
    after: 1618394399
    before: 1618919998
    expense: 341.54225387965
    income: 0.0
-
    after: 1618919999
    before: 1619445598
    expense: 346.91239372662
    income: 16.555282332957
-
    after: 1619445599
    before: 1619971198
    expense: 1335.1717591769
    income: 14.029625363663
-
    after: 1619971199
    before: 1620496798
    expense: 330.37569187565
    income: 0.0
-
    after: 1620496799
    before: 1621022398
    expense: 629.21998073552
    income: 0.0
-
    after: 1621022399
    before: 1621547998
    expense: 227.72440803463
    income: 7533.0
-
    after: 1621547999
    before: 1622073598
    expense: 357.36560775889
    income: 7538.950051047
-
    after: 1622073599
    before: 1622599198
    expense: 504.3214362926
    income: 3.6223456042456
-
    after: 1622599199
    before: 1623124798
    expense: 331.81748561771
    income: 6423.0928497304
-
    after: 1623124799
    before: 1623650398
    expense: 684.50039821987
    income: 6420.0
-
    after: 1623650399
    before: 1624175998
    expense: 595.70048731868
    income: 0.0
-
    after: 1624175999
    before: 1624701598
    expense: 671.8309834325
    income: 2.6289222708408
-
    after: 1624701599
    before: 1625227198
    expense: 595.20480423307
    income: 3.8733335273374
-
    after: 1625227199
    before: 1625752798
    expense: 648.01352394684
    income: 5690.0
-
    after: 1625752799
    before: 1626278398
    expense: 484.1467892467
    income: 5690.0
-
    after: 1626278399
    before: 1626803998
    expense: 588.12184119991
    income: 0.0
-
    after: 1626803999
    before: 1627329598
    expense: 1264.8156082689
    income: 9.4851551981823
-
    after: 1627329599
    before: 1627855198
    expense: 1632.0461791938
    income: 0.0
-
    after: 1627855199
    before: 1628380798
    expense: 230.81079740408
    income: 0.0
-
    after: 1628380799
    before: 1628906398
    expense: 2680.5219039448
    income: 0.0
-
    after: 1628906399
    before: 1629431998
    expense: 1398.5467396035
    income: 0.0
-
    after: 1629431999
    before: 1629957598
    expense: 576.48345414235
    income: 0.0
-
    after: 1629957599
    before: 1630483198
    expense: 297.51256402009
    income: 0.46065208272688
-
    after: 1630483199
    before: 1631008798
    expense: 641.87144339828
    income: 0.46065208272688
-
    after: 1631008799
    before: 1631534398
    expense: 671.51999921471
    income: 8.7033702169892
-
    after: 1631534399
    before: 1632059998
    expense: 807.80281519778
    income: 5467.899805255
-
    after: 1632059999
    before: 1632585598
    expense: 211.43898134015
    income: 0.64926297776868
-
    after: 1632585599
    before: 1633111198
    expense: 384.58131345923
    income: 7735.3109207917
-
    after: 1633111199
    before: 1633636798
    expense: 544.76912521111
    income: 7735.3109207917
-
    after: 1633636799
    before: 1634162398
    expense: 439.93576475575
    income: 0.0
-
    after: 1634162399
    before: 1634687998
    expense: 263.30195428147
    income: 0.0
-
    after: 1634687999
    before: 1635213598
    expense: 1699.7942753141
    income: 42.829450558111
-
    after: 1635213599
    before: 1635739198
    expense: 324.0137561099
    income: 87.033697048618
-
    after: 1635739199
    before: 1636264798
    expense: 443.36673097345
    income: 11.068550154496
-
    after: 1636264799
    before: 1636790398
    expense: 892.67121100203
    income: 0.0
-
    after: 1636790399
    before: 1637315998
    expense: 303.60039140536
    income: 7047.0
-
    after: 1637315999
    before: 1637841598
    expense: 524.73898416303
    income: 0.0
-
    after: 1637841599
    before: 1638367198
    expense: 377.65768945627
    income: 7371.2507214041
-
    after: 1638367199
    before: 1638892798
    expense: 397.78658761659
    income: 5.7575689021412
-
    after: 1638892799
    before: 1639418398
    expense: 899.71955940837
    income: 5.5068474980292
-
    after: 1639418399
    before: 1639943998
    expense: 349.37963210211
    income: 0.0
-
    after: 1639943999
    before: 1640469598
    expense: 284.34353112029
    income: 0.0
-
    after: 1640469599
    before: 1640995197
    expense: 557.47839751511
    income: 0.0
-
    after: 1640995198
    before: 1640995199
    expense: 31.211269907779
    income: 0.0
