-
    after: 1612137600
    before: 1612742399
    expense: 238.0645061805
    income: 261.14807113036
-
    after: 1612742400
    before: 1613347199
    expense: 672.03949328272
    income: 0.59194699327776
-
    after: 1613347200
    before: 1613951999
    expense: 1510.1804154859
    income: 0.0
-
    after: 1613952000
    before: 1614556799
    expense: 1683.8585155739
    income: 6469.0
-
    after: 1614556800
    before: 1615161599
    expense: 499.81282935101
    income: 88.740421270926
-
    after: 1615161600
    before: 1615766399
    expense: 661.63786613339
    income: 6.1269800063469
-
    after: 1615766400
    before: 1616371199
    expense: 441.41276027526
    income: 0.0
-
    after: 1616371200
    before: 1616975999
    expense: 37158.621175696
    income: 0.0
-
    after: 1616976000
    before: 1617235199
    expense: 229.26823302706
    income: 5255.0
