-
    after: 1612137600
    before: 1612223999
    expense: 69.669201373826
    income: 54.428046164407
