-
    id: 1
    createdAt: '2019-01-27T15:18:29+00:00'
    name: 'Food & Drinks'
    isTechnical: false
    children: [{ id: 3, createdAt: '2019-01-27T15:18:29+00:00', name: Water, isTechnical: false, children: {  }, isAffectingProfit: true, icon: 'mdi mdi-cup-water', color: null, tags: {  }, value: 3.2293655723443, total: 3.2293655723443, type: expense }, { id: 25, createdAt: '2019-02-09T19:17:36+00:00', name: 'Eating Out', isTechnical: false, children: [{ id: 81, createdAt: '2019-09-10T07:32:37+00:00', name: 'Fast Food', isTechnical: false, children: [{ id: 83, createdAt: '2019-09-10T07:34:33+00:00', name: Kebab, isTechnical: false, children: {  }, isAffectingProfit: true, icon: 'tim-icons icon-istanbul', color: null, tags: {  }, value: 3.8165229491341, total: 3.8165229491341, type: expense }, { id: 84, createdAt: '2019-09-10T07:34:44+00:00', name: Burger, isTechnical: false, children: [{ id: 80, createdAt: '2019-09-10T07:32:06+00:00', name: MacDonalds, isTechnical: false, children: {  }, isAffectingProfit: true, icon: 'mdi mdi-food', color: null, tags: {  }, value: 0.0, total: 0.0, type: expense }], isAffectingProfit: true, icon: 'mdi mdi-hamburger', color: null, tags: {  }, value: 34.642285230602, total: 34.642285230602, type: expense }], isAffectingProfit: true, icon: 'mdi mdi-food', color: null, tags: {  }, value: 0.0, total: 38.458808179736, type: expense }, { id: 82, createdAt: '2019-09-10T07:33:14+00:00', name: Restaurant, isTechnical: false, children: {  }, isAffectingProfit: true, icon: ion-ios-restaurant, color: null, tags: {  }, value: 5.8715737678987, total: 5.8715737678987, type: expense }, { id: 87, createdAt: '2019-10-14T20:19:38+00:00', name: Pizza, isTechnical: false, children: {  }, isAffectingProfit: true, icon: ion-md-pizza, color: null, tags: {  }, value: 0.0, total: 0.0, type: expense }, { id: 89, createdAt: '2019-10-15T19:02:22+00:00', name: Asian, isTechnical: false, children: [{ id: 128, createdAt: '2020-11-16T15:36:28+00:00', name: Sushi, isTechnical: false, children: {  }, isAffectingProfit: true, icon: 'mdi mdi-ideogram-cjk-variant', color: null, tags: {  }, value: 0.0, total: 0.0, type: expense }], isAffectingProfit: true, icon: 'mdi mdi-noodles', color: null, tags: {  }, value: 0.0, total: 0.0, type: expense }, { id: 136, createdAt: '2020-12-10T16:32:03+00:00', name: Canteen, isTechnical: false, children: {  }, isAffectingProfit: true, icon: ion-md-restaurant, color: null, tags: {  }, value: 9.5413073728354, total: 9.5413073728354, type: expense }], isAffectingProfit: true, icon: ion-ios-restaurant, color: null, tags: [{  }], value: 0.0, total: 53.87168932047, type: expense }, { id: 46, createdAt: '2019-06-06T06:40:52+00:00', name: Alcohol, isTechnical: false, children: {  }, isAffectingProfit: true, icon: ion-ios-wine, color: null, tags: {  }, value: 29.807044232738, total: 29.807044232738, type: expense }, { id: 66, createdAt: '2019-08-01T11:25:04+00:00', name: Groceries, isTechnical: false, children: [{ id: 86, createdAt: '2019-10-12T11:36:17+00:00', name: Fruits, isTechnical: false, children: {  }, isAffectingProfit: true, icon: 'mdi mdi-food-apple', color: null, tags: {  }, value: 0.0, total: 0.0, type: expense }, { id: 135, createdAt: '2020-12-10T16:23:23+00:00', name: Ready-to-cook, isTechnical: false, children: {  }, isAffectingProfit: true, icon: 'mdi mdi-chef-hat', color: null, tags: {  }, value: 46.43475398605, total: 46.43475398605, type: expense }], isAffectingProfit: true, icon: 'mdi mdi-cart-variant', color: null, tags: [{  }], value: 104.55159114071, total: 150.98634512676, type: expense }, { id: 67, createdAt: '2019-08-01T12:01:45+00:00', name: Goodies, isTechnical: false, children: {  }, isAffectingProfit: true, icon: 'mdi mdi-cookie', color: null, tags: {  }, value: 61.205284956576, total: 61.205284956576, type: expense }, { id: 75, createdAt: '2019-08-24T18:41:46+00:00', name: Delivery, isTechnical: false, children: {  }, isAffectingProfit: true, icon: 'mdi mdi-moped', color: null, tags: {  }, value: 0.0, total: 0.0, type: expense }, { id: 88, createdAt: '2019-10-15T07:44:00+00:00', name: Pastry, isTechnical: false, children: {  }, isAffectingProfit: true, icon: 'mdi mdi-baguette', color: null, tags: {  }, value: 1.4385355731352, total: 1.4385355731352, type: expense }, { id: 96, createdAt: '2019-11-07T19:48:46+00:00', name: Tea, isTechnical: false, children: {  }, isAffectingProfit: true, icon: ion-ios-cafe, color: null, tags: {  }, value: 0.0, total: 0.0, type: expense }, { id: 119, createdAt: '2019-01-27T15:18:29+00:00', name: 'Bar, cafe', isTechnical: false, children: [{ id: 13, createdAt: '2019-01-27T15:18:29+00:00', name: Coffee, isTechnical: false, children: {  }, isAffectingProfit: true, icon: ion-ios-cafe, color: null, tags: {  }, value: 7.8091931113053, total: 7.8091931113053, type: expense }], isAffectingProfit: true, icon: ion-ios-beer, color: null, tags: {  }, value: 17.908299992091, total: 25.717493103396, type: expense }]
    isAffectingProfit: true
    icon: ion-ios-restaurant
    color: '#ce2218'
    tags: [{  }]
    value: 0.0
    total: 326.25575788542
    type: expense
-
    id: 6
    createdAt: '2019-01-27T15:18:29+00:00'
    name: Housing
    isTechnical: false
    children: [{ id: 2, createdAt: '2019-01-27T15:18:29+00:00', name: Rent, isTechnical: false, children: {  }, isAffectingProfit: true, icon: ion-ios-home, color: null, tags: [{  }], value: 176.14721303696, total: 176.14721303696, type: expense }, { id: 16, createdAt: '2019-01-27T15:18:29+00:00', name: Spouse, isTechnical: false, children: {  }, isAffectingProfit: true, icon: ion-ios-woman, color: null, tags: {  }, value: -0.28301064892399, total: -0.28301064892399, type: expense }, { id: 18, createdAt: '2019-01-30T12:18:51+00:00', name: Utilities, isTechnical: false, children: [{ id: 4, createdAt: '2019-01-27T15:18:29+00:00', name: Gas, isTechnical: false, children: {  }, isAffectingProfit: true, icon: 'mdi mdi-radiator', color: '#ffaa00', tags: {  }, value: 49.861404436996, total: 49.861404436996, type: expense }, { id: 132, createdAt: '2020-12-08T16:54:07+00:00', name: Electricity, isTechnical: false, children: {  }, isAffectingProfit: true, icon: ion-ios-flash, color: '#d2d22a', tags: {  }, value: 15.317761645694, total: 15.317761645694, type: expense }, { id: 133, createdAt: '2020-12-08T16:56:48+00:00', name: 'Water utilities costs', isTechnical: false, children: {  }, isAffectingProfit: true, icon: ion-ios-water, color: '#5089f9', tags: {  }, value: 4.5610385029037, total: 4.5610385029037, type: expense }], isAffectingProfit: true, icon: 'mdi mdi-water-pump', color: '#00f27d', tags: [{  }], value: 0.0, total: 69.740204585593, type: expense }, { id: 29, createdAt: '2019-02-17T04:42:10+00:00', name: Bath, isTechnical: false, children: [{ id: 94, createdAt: '2019-10-26T13:40:49+00:00', name: Laundry, isTechnical: false, children: {  }, isAffectingProfit: true, icon: 'mdi mdi-washing-machine', color: null, tags: {  }, value: 0.0, total: 0.0, type: expense }], isAffectingProfit: true, icon: 'fa fa-bath', color: null, tags: {  }, value: 13.354894535086, total: 13.354894535086, type: expense }, { id: 33, createdAt: '2019-03-11T14:13:15+00:00', name: Internet, isTechnical: false, children: {  }, isAffectingProfit: true, icon: ion-ios-wifi, color: null, tags: {  }, value: 3.6544675131401, total: 3.6544675131401, type: expense }, { id: 51, createdAt: '2019-07-01T10:11:06+00:00', name: Pet, isTechnical: false, children: {  }, isAffectingProfit: true, icon: ion-ios-paw, color: null, tags: {  }, value: 6.502180790571, total: 6.502180790571, type: expense }, { id: 102, createdAt: '2019-12-02T21:57:19+00:00', name: Tools, isTechnical: false, children: {  }, isAffectingProfit: true, icon: ion-ios-hammer, color: null, tags: {  }, value: 3.5699168508824, total: 3.5699168508824, type: expense }, { id: 134, createdAt: '2020-12-09T10:08:14+00:00', name: Furniture, isTechnical: false, children: {  }, isAffectingProfit: true, icon: 'mdi mdi-sofa', color: null, tags: {  }, value: 83.756825484321, total: 83.756825484321, type: expense }, { id: 139, createdAt: '2021-03-31T13:37:21+00:00', name: Construction, isTechnical: false, children: {  }, isAffectingProfit: true, icon: 'mdi mdi-account-hard-hat', color: null, tags: {  }, value: 0.0, total: 0.0, type: expense }, { id: 144, createdAt: '2021-12-02T16:38:49+00:00', name: Kids, isTechnical: false, children: {  }, isAffectingProfit: true, icon: 'mdi mdi-baby-carriage', color: null, tags: {  }, value: 0.0, total: 0.0, type: expense }]
    isAffectingProfit: true
    icon: ion-ios-home
    color: '#d7fcb0'
    tags: {  }
    value: 0.0
    total: 356.44269214763
    type: expense
-
    id: 14
    createdAt: '2019-01-27T15:18:29+00:00'
    name: 'Work Expense'
    isTechnical: false
    children: [{ id: 71, createdAt: '2019-08-01T13:00:21+00:00', name: Entrepreneurship, isTechnical: false, children: {  }, isAffectingProfit: true, icon: ion-ios-copy, color: null, tags: {  }, value: 0.0, total: 0.0, type: expense }, { id: 78, createdAt: '2019-08-30T09:59:28+00:00', name: Salary, isTechnical: false, children: {  }, isAffectingProfit: true, icon: ion-ios-open, color: null, tags: {  }, value: 0.0, total: 0.0, type: expense }, { id: 97, createdAt: '2019-11-18T11:31:39+00:00', name: Jeatty, isTechnical: false, children: {  }, isAffectingProfit: true, icon: ion-ios-phone-portrait, color: null, tags: {  }, value: 0.0, total: 0.0, type: expense }, { id: 104, createdAt: '2020-02-12T08:11:41+00:00', name: Education, isTechnical: false, children: {  }, isAffectingProfit: true, icon: ion-ios-school, color: null, tags: {  }, value: 0.0, total: 0.0, type: expense }, { id: 123, createdAt: '2020-05-28T17:48:51+00:00', name: 'Business trip', isTechnical: false, children: {  }, isAffectingProfit: true, icon: ion-ios-airplane, color: null, tags: {  }, value: 0.0, total: 0.0, type: expense }]
    isAffectingProfit: true
    icon: ion-ios-briefcase
    color: '#2b1028'
    tags: {  }
    value: 0.0
    total: 0.0
    type: expense
-
    id: 17
    createdAt: '2019-01-30T11:47:04+00:00'
    name: Unknown
    isTechnical: false
    children: {  }
    isAffectingProfit: true
    icon: ion-ios-help-circle
    color: '#56021e'
    tags: {  }
    value: 31.706498346653
    total: 31.706498346653
    type: expense
-
    id: 20
    createdAt: '2019-01-31T05:29:11+00:00'
    name: Transportation
    isTechnical: false
    children: [{ id: 74, createdAt: '2019-08-21T16:29:02+00:00', name: Taxi, isTechnical: false, children: {  }, isAffectingProfit: true, icon: 'mdi mdi-taxi', color: null, tags: {  }, value: 0.0, total: 0.0, type: expense }, { id: 110, createdAt: '2020-03-07T16:49:00+00:00', name: Vehicle, isTechnical: false, children: [{ id: 105, createdAt: '2020-02-16T11:53:07+00:00', name: Fuel, isTechnical: false, children: {  }, isAffectingProfit: true, icon: 'mdi mdi-fuel', color: null, tags: [{  }], value: 56.874999302751, total: 56.874999302751, type: expense }, { id: 106, createdAt: '2020-02-16T11:54:04+00:00', name: 'Car Wash', isTechnical: false, children: {  }, isAffectingProfit: true, icon: 'mdi mdi-car-wash', color: null, tags: {  }, value: 2.9357868839493, total: 2.9357868839493, type: expense }, { id: 115, createdAt: '2020-02-16T11:53:07+00:00', name: 'Vehicle maintenance', isTechnical: false, children: {  }, isAffectingProfit: true, icon: 'mdi mdi-car-cog', color: null, tags: {  }, value: 0.0, total: 0.0, type: expense }, { id: 122, createdAt: '2020-05-28T17:44:20+00:00', name: Parking, isTechnical: false, children: {  }, isAffectingProfit: true, icon: 'mdi mdi-parking', color: null, tags: {  }, value: 0.0, total: 0.0, type: expense }, { id: 124, createdAt: '2020-06-29T13:30:29+00:00', name: 'Car Repair', isTechnical: false, children: {  }, isAffectingProfit: true, icon: 'mdi mdi-car-cog', color: null, tags: {  }, value: 2.9357868839493, total: 2.9357868839493, type: expense }, { id: 125, createdAt: '2020-07-09T16:02:41+00:00', name: 'Car Parts', isTechnical: false, children: {  }, isAffectingProfit: true, icon: 'mdi mdi-car-cog', color: null, tags: {  }, value: 11.396431104803, total: 11.396431104803, type: expense }], isAffectingProfit: true, icon: ion-logo-model-s, color: '#17eac1', tags: {  }, value: 0.82202032750582, total: 74.965024502958, type: expense }, { id: 117, createdAt: '2019-08-21T16:29:02+00:00', name: 'Public transport', isTechnical: false, children: {  }, isAffectingProfit: true, icon: ion-ios-bus, color: null, tags: {  }, value: 0.0, total: 0.0, type: expense }, { id: 121, createdAt: '2020-05-28T17:39:25+00:00', name: 'Car rental', isTechnical: false, children: {  }, isAffectingProfit: true, icon: ion-ios-car, color: null, tags: {  }, value: 0.0, total: 0.0, type: expense }, { id: 149, createdAt: '2022-05-03T15:09:08+00:00', name: Train, isTechnical: false, children: {  }, isAffectingProfit: true, icon: ion-ios-train, color: null, tags: {  }, value: 0.0, total: 0.0, type: expense }]
    isAffectingProfit: true
    icon: ion-ios-train
    color: '#32b38f'
    tags: {  }
    value: 0.0
    total: 74.965024502958
    type: expense
-
    id: 21
    createdAt: '2019-02-02T08:24:53+00:00'
    name: Other
    isTechnical: false
    children: [{ id: 5, createdAt: '2019-01-27T15:18:29+00:00', name: 'Mobile Phone', isTechnical: false, children: {  }, isAffectingProfit: true, icon: ion-ios-phone-portrait, color: null, tags: {  }, value: 0.0, total: 0.0, type: expense }, { id: 9, createdAt: '2019-01-27T15:18:29+00:00', name: Fine, isTechnical: false, children: {  }, isAffectingProfit: true, icon: ion-ios-cash, color: null, tags: {  }, value: 0.0, total: 0.0, type: expense }, { id: 15, createdAt: '2019-01-27T15:18:29+00:00', name: 'Internet Mannheim', isTechnical: false, children: {  }, isAffectingProfit: true, icon: ion-ios-wifi, color: null, tags: {  }, value: 0.0, total: 0.0, type: expense }, { id: 19, createdAt: '2019-01-31T04:15:53+00:00', name: 'Charity, Gifts', isTechnical: false, children: {  }, isAffectingProfit: true, icon: ion-ios-gift, color: null, tags: {  }, value: 0.0, total: 0.0, type: expense }, { id: 34, createdAt: '2019-03-14T15:37:56+00:00', name: Haircut, isTechnical: false, children: {  }, isAffectingProfit: true, icon: ion-ios-cut, color: null, tags: {  }, value: 6.7523098330835, total: 6.7523098330835, type: expense }, { id: 70, createdAt: '2019-08-01T12:56:26+00:00', name: Hosting, isTechnical: false, children: [{ id: 150, createdAt: '2022-09-04T09:24:43+00:00', name: iCloud, isTechnical: false, children: {  }, isAffectingProfit: true, icon: ion-ios-cloud-outline, color: null, tags: {  }, value: 0.0, total: 0.0, type: expense }], isAffectingProfit: true, icon: ion-ios-cloud-done, color: null, tags: {  }, value: 8.343506324184, total: 8.343506324184, type: expense }, { id: 101, createdAt: '2019-11-23T22:01:16+00:00', name: Tobacco, isTechnical: false, children: [{ id: 11, createdAt: '2019-01-27T15:18:29+00:00', name: Cigarettes, isTechnical: false, children: {  }, isAffectingProfit: true, icon: ion-logo-no-smoking, color: null, tags: {  }, value: 0.0, total: 0.0, type: expense }, { id: 140, createdAt: '2021-04-04T09:19:53+00:00', name: Snus, isTechnical: false, children: {  }, isAffectingProfit: true, icon: ion-ios-pie, color: null, tags: {  }, value: 7.1750631443722, total: 7.1750631443722, type: expense }], isAffectingProfit: true, icon: ion-logo-no-smoking, color: null, tags: {  }, value: 0.0, total: 7.1750631443722, type: expense }, { id: 114, createdAt: '2019-01-27T15:18:29+00:00', name: 'Education, development', isTechnical: false, children: {  }, isAffectingProfit: true, icon: ion-ios-school, color: null, tags: {  }, value: 0.0, total: 0.0, type: expense }]
    isAffectingProfit: true
    icon: ion-ios-pie
    color: '#f2c601'
    tags: {  }
    value: 6.840383439602
    total: 29.111262741242
    type: expense
-
    id: 73
    createdAt: '2019-08-01T18:56:38+00:00'
    name: Shopping
    isTechnical: false
    children: [{ id: 63, createdAt: '2019-07-15T15:19:47+00:00', name: Clothes, isTechnical: false, children: [{ id: 30, createdAt: '2019-02-17T16:11:29+00:00', name: Shoes, isTechnical: false, children: {  }, isAffectingProfit: true, icon: 'mdi mdi-shoe-formal', color: null, tags: {  }, value: 0.0, total: 0.0, type: expense }], isAffectingProfit: true, icon: ion-ios-shirt, color: null, tags: {  }, value: 3.5229442607392, total: 3.5229442607392, type: expense }, { id: 98, createdAt: '2019-11-20T20:38:26+00:00', name: Software, isTechnical: false, children: {  }, isAffectingProfit: true, icon: ion-logo-github, color: null, tags: {  }, value: 0.0, total: 0.0, type: expense }, { id: 120, createdAt: '2020-05-28T16:12:55+00:00', name: Electronics, isTechnical: false, children: {  }, isAffectingProfit: true, icon: ion-ios-power, color: null, tags: {  }, value: 34.671643099442, total: 34.671643099442, type: expense }, { id: 129, createdAt: '2020-11-24T09:01:32+00:00', name: 'Delivery Costs', isTechnical: false, children: {  }, isAffectingProfit: true, icon: 'mdi mdi-truck-delivery', color: null, tags: {  }, value: 9.7468124547118, total: 9.7468124547118, type: expense }]
    isAffectingProfit: true
    icon: ion-ios-basket
    color: '#7849cf'
    tags: [{  }]
    value: 5.8422158990592
    total: 53.783615713952
    type: expense
-
    id: 90
    createdAt: '2019-10-16T10:37:34+00:00'
    name: 'Health & Fitness'
    isTechnical: false
    children: [{ id: 10, createdAt: '2019-01-27T15:18:29+00:00', name: Medicine, isTechnical: false, children: {  }, isAffectingProfit: true, icon: ion-ios-medkit, color: null, tags: {  }, value: 6.2077213661109, total: 6.2077213661109, type: expense }, { id: 23, createdAt: '2019-02-06T19:21:46+00:00', name: Sports, isTechnical: false, children: [{ id: 109, createdAt: '2020-03-02T18:55:25+00:00', name: Gym, isTechnical: false, children: {  }, isAffectingProfit: true, icon: ion-ios-fitness, color: null, tags: {  }, value: 0.0, total: 0.0, type: expense }, { id: 111, createdAt: '2020-03-10T19:24:43+00:00', name: Wrestling, isTechnical: false, children: {  }, isAffectingProfit: true, icon: 'mdi mdi-kabaddi', color: null, tags: {  }, value: 63.119418004911, total: 63.119418004911, type: expense }, { id: 130, createdAt: '2020-12-01T10:09:39+00:00', name: 'Sports Equipment', isTechnical: false, children: {  }, isAffectingProfit: true, icon: 'mdi mdi-basketball', color: null, tags: {  }, value: 138.79442464015, total: 138.79442464015, type: expense }], isAffectingProfit: true, icon: 'mdi mdi-soccer', color: null, tags: {  }, value: 0.0, total: 201.91384264506, type: expense }, { id: 91, createdAt: '2019-10-16T10:38:22+00:00', name: Vitamins, isTechnical: false, children: {  }, isAffectingProfit: true, icon: 'mdi mdi-pill', color: null, tags: {  }, value: 0.0, total: 0.0, type: expense }, { id: 92, createdAt: '2019-10-16T10:38:56+00:00', name: 'Food Supplements', isTechnical: false, children: {  }, isAffectingProfit: true, icon: 'mdi mdi-pill', color: null, tags: {  }, value: 52.433153747335, total: 52.433153747335, type: expense }, { id: 107, createdAt: '2020-02-17T19:55:55+00:00', name: Doctor, isTechnical: false, children: [{ id: 108, createdAt: '2020-02-27T14:20:19+00:00', name: Dentist, isTechnical: false, children: {  }, isAffectingProfit: true, icon: 'mdi mdi-tooth-outline', color: null, tags: {  }, value: 0.0, total: 0.0, type: expense }], isAffectingProfit: true, icon: 'fa fa-user-md', color: null, tags: {  }, value: 92.770865532799, total: 92.770865532799, type: expense }, { id: 131, createdAt: '2020-12-01T10:12:27+00:00', name: Massage, isTechnical: false, children: {  }, isAffectingProfit: true, icon: 'mdi mdi-gesture-double-tap', color: null, tags: {  }, value: 8.807360651848, total: 8.807360651848, type: expense }]
    isAffectingProfit: true
    icon: ion-ios-pulse
    color: '#51d915'
    tags: {  }
    value: 0.0
    total: 362.13294394315
    type: expense
-
    id: 116
    createdAt: '2019-01-30T11:47:04+00:00'
    name: 'Financial expenses'
    isTechnical: false
    children: [{ id: 50, createdAt: '2019-06-30T14:35:23+00:00', name: Trading, isTechnical: false, children: {  }, isAffectingProfit: true, icon: ion-ios-trending-up, color: null, tags: {  }, value: 0.0, total: 0.0, type: expense }, { id: 69, createdAt: '2019-08-01T12:13:39+00:00', name: 'Charges & Fees', isTechnical: false, children: [{ id: 7, createdAt: '2019-01-27T15:18:29+00:00', name: 'Expense Fee', isTechnical: false, children: {  }, isAffectingProfit: true, icon: ion-ios-cash, color: null, tags: {  }, value: 0.0, total: 0.0, type: expense }, { id: 8, createdAt: '2019-01-27T15:18:29+00:00', name: 'Transfer Fee', isTechnical: false, children: {  }, isAffectingProfit: true, icon: ion-ios-cash, color: null, tags: {  }, value: 40.0, total: 40.0, type: expense }, { id: 49, createdAt: '2019-06-28T04:17:13+00:00', name: 'Trading fee', isTechnical: false, children: {  }, isAffectingProfit: true, icon: ion-ios-cash, color: null, tags: {  }, value: 0.0, total: 0.0, type: expense }], isAffectingProfit: true, icon: ion-ios-cash, color: null, tags: {  }, value: 0.0, total: 40.0, type: expense }, { id: 72, createdAt: '2019-08-01T13:01:51+00:00', name: Tax, isTechnical: false, children: [{ id: 142, createdAt: '2021-08-22T14:48:11+00:00', name: 'Єдиний соціальний внесок', isTechnical: false, children: {  }, isAffectingProfit: true, icon: ion-ios-paper, color: null, tags: {  }, value: 97.49, total: 97.49, type: expense }], isAffectingProfit: true, icon: ion-ios-paper, color: null, tags: [{  }], value: 0.0, total: 97.49, type: expense }, { id: 126, createdAt: '2020-07-17T10:04:14+00:00', name: Investment, isTechnical: false, children: [{ id: 138, createdAt: '2021-02-24T15:41:51+00:00', name: 'Real Estate', isTechnical: false, children: [{ id: 151, createdAt: '2023-06-26T09:40:18+00:00', name: Koshytska, isTechnical: false, children: [{ id: 152, createdAt: '2023-06-26T09:40:44+00:00', name: Renovation, isTechnical: false, children: [{ id: 155, createdAt: '2023-09-26T13:19:44+00:00', name: Мебель, isTechnical: false, children: {  }, isAffectingProfit: true, icon: '', color: null, tags: {  }, value: 0.0, total: 0.0, type: expense }, { id: 156, createdAt: '2023-09-26T13:19:52+00:00', name: Работы, isTechnical: false, children: {  }, isAffectingProfit: true, icon: '', color: null, tags: {  }, value: 0.0, total: 0.0, type: expense }, { id: 157, createdAt: '2023-09-26T13:19:58+00:00', name: Материалы, isTechnical: false, children: {  }, isAffectingProfit: true, icon: '', color: null, tags: {  }, value: 0.0, total: 0.0, type: expense }, { id: 158, createdAt: '2023-09-26T13:20:04+00:00', name: 'Увеличение эл. мощности', isTechnical: false, children: {  }, isAffectingProfit: true, icon: '', color: null, tags: {  }, value: 0.0, total: 0.0, type: expense }, { id: 159, createdAt: '2023-09-26T13:50:52+00:00', name: Инструмент, isTechnical: false, children: {  }, isAffectingProfit: true, icon: '', color: null, tags: {  }, value: 0.0, total: 0.0, type: expense }], isAffectingProfit: true, icon: ion-ios-hammer, color: null, tags: {  }, value: 0.0, total: 0.0, type: expense }, { id: 153, createdAt: '2023-06-26T09:44:04+00:00', name: 'Legal Expenses', isTechnical: false, children: {  }, isAffectingProfit: true, icon: 'mdi mdi-scale-balance', color: null, tags: {  }, value: 0.0, total: 0.0, type: expense }, { id: 160, createdAt: '2023-11-19T20:44:22+00:00', name: Коммуналка, isTechnical: false, children: {  }, isAffectingProfit: true, icon: '', color: null, tags: {  }, value: 0.0, total: 0.0, type: expense }], isAffectingProfit: true, icon: ion-ios-home, color: null, tags: {  }, value: 0.0, total: 0.0, type: expense }], isAffectingProfit: true, icon: 'mdi mdi-home-city-outline', color: null, tags: {  }, value: 0.0, total: 0.0, type: expense }], isAffectingProfit: true, icon: ion-ios-cash, color: null, tags: {  }, value: 0.0, total: 0.0, type: expense }]
    isAffectingProfit: true
    icon: ion-ios-cash
    color: '#1f4e5f'
    tags: {  }
    value: 0.0
    total: 137.49
    type: expense
-
    id: 147
    createdAt: '2022-01-22T13:22:45+00:00'
    name: Entertainment
    isTechnical: false
    children: [{ id: 12, createdAt: '2019-01-27T15:18:29+00:00', name: 'Going Out', isTechnical: false, children: {  }, isAffectingProfit: true, icon: ion-ios-walk, color: null, tags: {  }, value: 0.0, total: 0.0, type: expense }, { id: 79, createdAt: '2019-09-09T10:10:05+00:00', name: Hobby, isTechnical: false, children: [{ id: 85, createdAt: '2019-09-21T23:15:18+00:00', name: Bicycle, isTechnical: false, children: {  }, isAffectingProfit: true, icon: ion-ios-bicycle, color: null, tags: {  }, value: 119.56403015716, total: 119.56403015716, type: expense }, { id: 100, createdAt: '2019-11-23T14:24:17+00:00', name: Guitar, isTechnical: false, children: {  }, isAffectingProfit: true, icon: 'mdi mdi-guitar-acoustic', color: null, tags: {  }, value: 0.0, total: 0.0, type: expense }], isAffectingProfit: true, icon: ion-ios-bicycle, color: null, tags: {  }, value: 0.0, total: 119.56403015716, type: expense }, { id: 93, createdAt: '2019-10-17T12:16:08+00:00', name: Traveling, isTechnical: false, children: [{ id: 35, createdAt: '2019-04-19T13:03:11+00:00', name: Vacation, isTechnical: false, children: {  }, isAffectingProfit: true, icon: 'mdi mdi-palm-tree', color: null, tags: {  }, value: 0.0, total: 0.0, type: expense }], isAffectingProfit: true, icon: ion-ios-boat, color: null, tags: {  }, value: 0.0, total: 0.0, type: expense }, { id: 103, createdAt: '2020-01-06T07:14:55+00:00', name: Activities, isTechnical: false, children: {  }, isAffectingProfit: true, icon: ion-ios-people, color: null, tags: {  }, value: 22.752348350607, total: 22.752348350607, type: expense }, { id: 113, createdAt: '2019-01-27T15:18:29+00:00', name: 'Life events', isTechnical: false, children: {  }, isAffectingProfit: true, icon: 'fa fa-birthday-cake', color: null, tags: {  }, value: 0.0, total: 0.0, type: expense }, { id: 146, createdAt: '2022-01-22T13:21:06+00:00', name: 'Video Games', isTechnical: false, children: {  }, isAffectingProfit: true, icon: ion-logo-steam, color: null, tags: {  }, value: 0.0, total: 0.0, type: expense }, { id: 148, createdAt: '2022-01-22T14:48:24+00:00', name: 'Having Guests', isTechnical: false, children: {  }, isAffectingProfit: true, icon: ion-ios-home, color: null, tags: {  }, value: 0.0, total: 0.0, type: expense }]
    isAffectingProfit: true
    icon: ion-ios-happy
    color: null
    tags: {  }
    value: 0.0
    total: 142.31637850777
    type: expense
