-
    after: 1609459200
    before: 1609545599
    expense: 22.135833104978
    income: 2.6483733480107
