-
    after: 1612137600
    before: 1612223999
    expense: 69.669201373826
    income: 54.428046164407
-
    after: 1612224000
    before: 1612310399
    expense: 21.132507660016
    income: 1.1838939865555
-
    after: 1612310400
    before: 1612396799
    expense: 36.486132798158
    income: 2.9597349663888
-
    after: 1612396800
    before: 1612483199
    expense: 4.9131600442054
    income: 202.57639601301
-
    after: 1612483200
    before: 1612569599
    expense: 40.222798193224
    income: 0.0
-
    after: 1612569600
    before: 1612655999
    expense: 26.696809396827
    income: 0.0
-
    after: 1612656000
    before: 1612742399
    expense: 38.943896714247
    income: 0.0
-
    after: 1612742400
    before: 1612828799
    expense: 103.33737051049
    income: 0.0
-
    after: 1612828800
    before: 1612915199
    expense: 266.77511924846
    income: 0.0
-
    after: 1612915200
    before: 1613001599
    expense: 102.72529731944
    income: 0.59194699327776
-
    after: 1613001600
    before: 1613087999
    expense: 5.815879208954
    income: 0.0
-
    after: 1613088000
    before: 1613174399
    expense: 49.039552684599
    income: 0.0
-
    after: 1613174400
    before: 1613260799
    expense: 11.602161068244
    income: 0.0
-
    after: 1613260800
    before: 1613347199
    expense: 132.74411324254
    income: 0.0
-
    after: 1613347200
    before: 1613433599
    expense: 104.64468544514
    income: 0.0
-
    after: 1613433600
    before: 1613519999
    expense: 262.03612643332
    income: 0.0
-
    after: 1613520000
    before: 1613606399
    expense: 64.408864418063
    income: 0.0
-
    after: 1613606400
    before: 1613692799
    expense: 0.0
    income: 0.0
-
    after: 1613692800
    before: 1613779199
    expense: 1040.5144415579
    income: 0.0
-
    after: 1613779200
    before: 1613865599
    expense: 24.839575705418
    income: 0.0
-
    after: 1613865600
    before: 1613951999
    expense: 13.736721926004
    income: 0.0
-
    after: 1613952000
    before: 1614038399
    expense: 74.940785322461
    income: 0.0
-
    after: 1614038400
    before: 1614124799
    expense: 84.39970182943
    income: 6469.0
-
    after: 1614124800
    before: 1614211199
    expense: 1248.4662118684
    income: 0.0
-
    after: 1614211200
    before: 1614297599
    expense: 29.780853231804
    income: 0.0
-
    after: 1614297600
    before: 1614383999
    expense: 74.754617993075
    income: 0.0
-
    after: 1614384000
    before: 1614470399
    expense: 9.2343730951331
    income: 0.0
-
    after: 1614470400
    before: 1614556799
    expense: 162.2819722336
    income: 0.0
-
    after: 1614556800
    before: 1614643199
    expense: 58.707497024815
    income: 1.6120084396699
-
    after: 1614643200
    before: 1614729599
    expense: 63.734684120023
    income: 0.0
-
    after: 1614729600
    before: 1614815999
    expense: 252.50371472382
    income: 87.128412831256
-
    after: 1614816000
    before: 1614902399
    expense: 33.682459886892
    income: 0.0
-
    after: 1614902400
    before: 1614988799
    expense: 47.011398541699
    income: 0.0
-
    after: 1614988800
    before: 1615075199
    expense: 39.302125948713
    income: 0.0
-
    after: 1615075200
    before: 1615161599
    expense: 4.8709491050458
    income: 0.0
-
    after: 1615161600
    before: 1615247999
    expense: 310.89828297206
    income: 0.0
-
    after: 1615248000
    before: 1615334399
    expense: 116.16754092034
    income: 0.0
-
    after: 1615334400
    before: 1615420799
    expense: 39.672195541096
    income: 6.1269800063469
-
    after: 1615420800
    before: 1615507199
    expense: 34.862516236114
    income: 0.0
-
    after: 1615507200
    before: 1615593599
    expense: 44.708266757313
    income: 0.0
-
    after: 1615593600
    before: 1615679999
    expense: 91.734063702027
    income: 0.0
-
    after: 1615680000
    before: 1615766399
    expense: 23.595000004442
    income: 0.0
-
    after: 1615766400
    before: 1615852799
    expense: 114.48262141859
    income: 0.0
-
    after: 1615852800
    before: 1615939199
    expense: 38.14045053951
    income: 0.0
-
    after: 1615939200
    before: 1616025599
    expense: 100.16172470076
    income: 0.0
-
    after: 1616025600
    before: 1616111999
    expense: 41.686440218183
    income: 0.0
-
    after: 1616112000
    before: 1616198399
    expense: 59.615209112755
    income: 0.0
-
    after: 1616198400
    before: 1616284799
    expense: 84.478187629511
    income: 0.0
-
    after: 1616284800
    before: 1616371199
    expense: 2.8481266559504
    income: 0.0
-
    after: 1616371200
    before: 1616457599
    expense: 193.69650782665
    income: 0.0
-
    after: 1616457600
    before: 1616543999
    expense: 26.768162949729
    income: 0.0
-
    after: 1616544000
    before: 1616630399
    expense: 53.484859267405
    income: 0.0
-
    after: 1616630400
    before: 1616716799
    expense: 44.236795645825
    income: 0.0
-
    after: 1616716800
    before: 1616803199
    expense: 36749.187268517
    income: 0.0
-
    after: 1616803200
    before: 1616889599
    expense: 51.826592128687
    income: 0.0
-
    after: 1616889600
    before: 1616975999
    expense: 39.420989360836
    income: 0.0
-
    after: 1616976000
    before: 1617062399
    expense: 62.77673079603
    income: 0.0
-
    after: 1617062400
    before: 1617148799
    expense: 120.26343808314
    income: 5255.0
-
    after: 1617148800
    before: 1617235199
    expense: 46.228064147888
    income: 0.0
