[{"after":1609459200,"before":1609984798,"expense":151.33541018726265,"income":2.648373348010702},{"after":1609984799,"before":1610510398,"expense":144.35851265755707,"income":0.0},{"after":1610510399,"before":1611035998,"expense":449.3742003524236,"income":6800.174021174891},{"after":1611035999,"before":1611561598,"expense":620.3336790939445,"income":6803.619460661895},{"after":1611561599,"before":1612087198,"expense":293.3324847391121,"income":0.0},{"after":1612087199,"before":1612612798,"expense":271.3453704917363,"income":261.14807113036335},{"after":1612612799,"before":1613138398,"expense":593.333925083011,"income":0.5919469932777612},{"after":1613138399,"before":1613663998,"expense":624.4755032919008,"income":0.0},{"after":1613663999,"before":1614189598,"expense":2486.897438209687,"income":6469.0},{"after":1614189599,"before":1614715198,"expense":1646.960209566879,"income":1.6120084396698795},{"after":1614715199,"before":1615240798,"expense":752.0036152982569,"income":87.12841283125634},{"after":1615240799,"before":1615766398,"expense":661.6378661333906,"income":6.1269800063469395},{"after":1615766399,"before":1616291998,"expense":465.0077602797016,"income":0.0},{"after":1616291999,"before":1616817598,"expense":37122.04831299143,"income":0.0},{"after":1616817599,"before":1617343198,"expense":525.465952725996,"income":5255.624843656053},{"after":1617343199,"before":1617868798,"expense":476.3001516902918,"income":6926.0},{"after":1617868799,"before":1618394398,"expense":405.10965071972777,"income":16.55528233295714},{"after":1618394399,"before":1618919998,"expense":341.5422538796537,"income":0.0},{"after":1618919999,"before":1619445598,"expense":346.9123937266171,"income":16.55528233295714},{"after":1619445599,"before":1619971198,"expense":1335.171759176889,"income":14.029625363663401},{"after":1619971199,"before":1620496798,"expense":330.37569187565447,"income":0.0},{"after":1620496799,"before":1621022398,"expense":629.2199807355197,"income":0.0},{"after":1621022399,"before":1621547998,"expense":227.72440803462763,"income":7533.0},{"after":1621547999,"before":1622073598,"expense":357.36560775889035,"income":7538.950051046975},{"after":1622073599,"before":1622599198,"expense":504.32143629260156,"income":3.6223456042455666},{"after":1622599199,"before":1623124798,"expense":331.8174856177075,"income":6423.092849730401},{"after":1623124799,"before":1623650398,"expense":684.500398219867,"income":6420.0},{"after":1623650399,"before":1624175998,"expense":595.700487318682,"income":0.0},{"after":1624175999,"before":1624701598,"expense":671.830983432501,"income":2.6289222708407887},{"after":1624701599,"before":1625227198,"expense":595.2048042330692,"income":3.873333527337449},{"after":1625227199,"before":1625752798,"expense":648.0135239468445,"income":5690.0},{"after":1625752799,"before":1626278398,"expense":484.1467892466983,"income":5690.0},{"after":1626278399,"before":1626803998,"expense":588.1218411999087,"income":0.0},{"after":1626803999,"before":1627329598,"expense":1264.8156082688697,"income":9.485155198182268},{"after":1627329599,"before":1627855198,"expense":1632.0461791938224,"income":0.0},{"after":1627855199,"before":1628380798,"expense":230.81079740407654,"income":0.0},{"after":1628380799,"before":1628906398,"expense":2680.521903944759,"income":0.0},{"after":1628906399,"before":1629431998,"expense":1398.5467396035212,"income":0.0},{"after":1629431999,"before":1629957598,"expense":576.4834541423537,"income":0.0},{"after":1629957599,"before":1630483198,"expense":297.51256402009375,"income":0.46065208272688113},{"after":1630483199,"before":1631008798,"expense":641.8714433982761,"income":0.46065208272688113},{"after":1631008799,"before":1631534398,"expense":671.5199992147077,"income":8.703370216989207},{"after":1631534399,"before":1632059998,"expense":807.802815197779,"income":5467.899805254953},{"after":1632059999,"before":1632585598,"expense":211.43898134014955,"income":0.6492629777686838},{"after":1632585599,"before":1633111198,"expense":384.58131345922544,"income":7735.310920791676},{"after":1633111199,"before":1633636798,"expense":544.769125211108,"income":7735.310920791676},{"after":1633636799,"before":1634162398,"expense":439.9357647557505,"income":0.0},{"after":1634162399,"before":1634687998,"expense":263.30195428147243,"income":0.0},{"after":1634687999,"before":1635213598,"expense":1699.794275314126,"income":42.82945055811057},{"after":1635213599,"before":1635739198,"expense":324.01375610989743,"income":87.03369704861753},{"after":1635739199,"before":1636264798,"expense":443.3667309734489,"income":11.06855015449587},{"after":1636264799,"before":1636790398,"expense":892.6712110020342,"income":0.0},{"after":1636790399,"before":1637315998,"expense":303.60039140535997,"income":7047.0},{"after":1637315999,"before":1637841598,"expense":524.7389841630313,"income":0.0},{"after":1637841599,"before":1638367198,"expense":377.6576894562732,"income":7371.2507214041125},{"after":1638367199,"before":1638892798,"expense":397.7865876165927,"income":5.757568902141244},{"after":1638892799,"before":1639418398,"expense":899.7195594083722,"income":5.506847498029194},{"after":1639418399,"before":1639943998,"expense":349.3796321021108,"income":0.0},{"after":1639943999,"before":1640469598,"expense":284.34353112029476,"income":0.0},{"after":1640469599,"before":1640995197,"expense":557.4783975151124,"income":0.0},{"after":1640995198,"before":1640995199,"expense":31.211269907779,"income":0.0}]