[{"after":1609459200,"before":1612137599,"expense":1514.20417378878,"income":6807.441855184797}]