[{"after":1609459200,"before":1612137599,"expense":1514.20417378878,"income":6807.441855184797},{"after":1612137600,"before":1614556799,"expense":4104.142930523043,"income":6730.740018123642},{"after":1614556800,"before":1617235199,"expense":38990.75286448307,"income":5349.8674012772735},{"after":1617235200,"before":1619827199,"expense":2742.914846776873,"income":6959.735408321967},{"after":1619827200,"before":1622505599,"expense":2035.9354011287903,"income":7552.979676410639},{"after":1622505600,"before":1625097599,"expense":2359.2769808071034,"income":6429.344117605488},{"after":1625097600,"before":1627775999,"expense":3344.936314014041,"income":5700.265638995118},{"after":1627776000,"before":1630454399,"expense":4632.227408473099,"income":0.0},{"after":1630454400,"before":1633046399,"expense":2329.282068291159,"income":5477.063827554669},{"after":1633046400,"before":1635724799,"expense":3004.4595407911593,"income":7864.65985683571},{"after":1635724800,"before":1638316799,"expense":2293.127154710807,"income":14429.068550154496},{"after":1638316800,"before":1640995199,"expense":2326.1222892681776,"income":5.757568902141244}]