-
    after: 1609459200
    before: 1640995199
    expense: 69677.381973056
    income: 73306.923919366
