-
    after: 1711929600
    before: 1714435200
    expense: 1565.3596515652
    income: 34.884344915874
