[{"after":1609459200,"before":1609545599,"expense":22.13583310497804,"income":2.648373348010702}]