[{"after":1609459200,"before":1617235199,"expense":44609.09996879491,"income":18888.04927458571},{"after":1617235200,"before":1625097599,"expense":7138.127228712758,"income":20942.059202338092},{"after":1625097600,"before":1633046399,"expense":10306.445790778294,"income":11177.329466549787},{"after":1633046400,"before":1640995199,"expense":7623.70898477014,"income":22299.48597589235}]