[{"id":1,"createdAt":"2019-01-27T15:18:29+00:00","name":"Food & Drinks","isTechnical":false,"children":[{"id":3,"createdAt":"2019-01-27T15:18:29+00:00","name":"Water","isTechnical":false,"children":[],"isAffectingProfit":true,"icon":"mdi mdi-cup-water","color":null,"tags":[],"value":0.0,"total":0.0,"type":"expense"},{"id":25,"createdAt":"2019-02-09T19:17:36+00:00","name":"Eating Out","isTechnical":false,"children":[{"id":81,"createdAt":"2019-09-10T07:32:37+00:00","name":"Fast Food","isTechnical":false,"children":[{"id":83,"createdAt":"2019-09-10T07:34:33+00:00","name":"Kebab","isTechnical":false,"children":[],"isAffectingProfit":true,"icon":"tim-icons icon-istanbul","color":null,"tags":[],"value":0.0,"total":0.0,"type":"expense"},{"id":84,"createdAt":"2019-09-10T07:34:44+00:00","name":"Burger","isTechnical":false,"children":[{"id":80,"createdAt":"2019-09-10T07:32:06+00:00","name":"MacDonalds","isTechnical":false,"children":[],"isAffectingProfit":true,"icon":"mdi mdi-food","color":null,"tags":[],"value":0.0,"total":0.0,"type":"expense"}],"isAffectingProfit":true,"icon":"mdi mdi-hamburger","color":null,"tags":[],"value":0.0,"total":0.0,"type":"expense"}],"isAffectingProfit":true,"icon":"mdi mdi-food","color":null,"tags":[],"value":0.0,"total":0.0,"type":"expense"},{"id":82,"createdAt":"2019-09-10T07:33:14+00:00","name":"Restaurant","isTechnical":false,"children":[],"isAffectingProfit":true,"icon":"ion-ios-restaurant","color":null,"tags":[],"value":0.0,"total":0.0,"type":"expense"},{"id":87,"createdAt":"2019-10-14T20:19:38+00:00","name":"Pizza","isTechnical":false,"children":[],"isAffectingProfit":true,"icon":"ion-md-pizza","color":null,"tags":[],"value":0.0,"total":0.0,"type":"expense"},{"id":89,"createdAt":"2019-10-15T19:02:22+00:00","name":"Asian","isTechnical":false,"children":[{"id":128,"createdAt":"2020-11-16T15:36:28+00:00","name":"Sushi","isTechnical":false,"children":[],"isAffectingProfit":true,"icon":"mdi mdi-ideogram-cjk-variant","color":null,"tags":[],"value":0.0,"total":0.0,"type":"expense"}],"isAffectingProfit":true,"icon":"mdi mdi-noodles","color":null,"tags":[],"value":0.0,"total":0.0,"type":"expense"},{"id":136,"createdAt":"2020-12-10T16:32:03+00:00","name":"Canteen","isTechnical":false,"children":[],"isAffectingProfit":true,"icon":"ion-md-restaurant","color":null,"tags":[],"value":0.0,"total":0.0,"type":"expense"}],"isAffectingProfit":true,"icon":"ion-ios-restaurant","color":null,"tags":[{}],"value":0.0,"total":0.0,"type":"expense"},{"id":46,"createdAt":"2019-06-06T06:40:52+00:00","name":"Alcohol","isTechnical":false,"children":[],"isAffectingProfit":true,"icon":"ion-ios-wine","color":null,"tags":[],"value":0.0,"total":0.0,"type":"expense"},{"id":66,"createdAt":"2019-08-01T11:25:04+00:00","name":"Groceries","isTechnical":false,"children":[{"id":86,"createdAt":"2019-10-12T11:36:17+00:00","name":"Fruits","isTechnical":false,"children":[],"isAffectingProfit":true,"icon":"mdi mdi-food-apple","color":null,"tags":[],"value":0.0,"total":0.0,"type":"expense"},{"id":135,"createdAt":"2020-12-10T16:23:23+00:00","name":"Ready-to-cook","isTechnical":false,"children":[],"isAffectingProfit":true,"icon":"mdi mdi-chef-hat","color":null,"tags":[],"value":0.0,"total":0.0,"type":"expense"}],"isAffectingProfit":true,"icon":"mdi mdi-cart-variant","color":null,"tags":[{}],"value":0.0,"total":0.0,"type":"expense"},{"id":67,"createdAt":"2019-08-01T12:01:45+00:00","name":"Goodies","isTechnical":false,"children":[],"isAffectingProfit":true,"icon":"mdi mdi-cookie","color":null,"tags":[],"value":0.0,"total":0.0,"type":"expense"},{"id":75,"createdAt":"2019-08-24T18:41:46+00:00","name":"Delivery","isTechnical":false,"children":[],"isAffectingProfit":true,"icon":"mdi mdi-moped","color":null,"tags":[],"value":0.0,"total":0.0,"type":"expense"},{"id":88,"createdAt":"2019-10-15T07:44:00+00:00","name":"Pastry","isTechnical":false,"children":[],"isAffectingProfit":true,"icon":"mdi mdi-baguette","color":null,"tags":[],"value":0.0,"total":0.0,"type":"expense"},{"id":96,"createdAt":"2019-11-07T19:48:46+00:00","name":"Tea","isTechnical":false,"children":[],"isAffectingProfit":true,"icon":"ion-ios-cafe","color":null,"tags":[],"value":0.0,"total":0.0,"type":"expense"},{"id":119,"createdAt":"2019-01-27T15:18:29+00:00","name":"Bar, cafe","isTechnical":false,"children":[{"id":13,"createdAt":"2019-01-27T15:18:29+00:00","name":"Coffee","isTechnical":false,"children":[],"isAffectingProfit":true,"icon":"ion-ios-cafe","color":null,"tags":[],"value":0.0,"total":0.0,"type":"expense"}],"isAffectingProfit":true,"icon":"ion-ios-beer","color":null,"tags":[],"value":0.0,"total":0.0,"type":"expense"}],"isAffectingProfit":true,"icon":"ion-ios-restaurant","color":"#ce2218","tags":[{}],"value":4.730080666559183,"total":4.730080666559183,"type":"expense"},{"id":6,"createdAt":"2019-01-27T15:18:29+00:00","name":"Housing","isTechnical":false,"children":[{"id":2,"createdAt":"2019-01-27T15:18:29+00:00","name":"Rent","isTechnical":false,"children":[],"isAffectingProfit":true,"icon":"ion-ios-home","color":null,"tags":[{}],"value":1135.219359974204,"total":1135.219359974204,"type":"expense"},{"id":16,"createdAt":"2019-01-27T15:18:29+00:00","name":"Spouse","isTechnical":false,"children":[],"isAffectingProfit":true,"icon":"ion-ios-woman","color":null,"tags":[],"value":0.0,"total":0.0,"type":"expense"},{"id":18,"createdAt":"2019-01-30T12:18:51+00:00","name":"Utilities","isTechnical":false,"children":[{"id":4,"createdAt":"2019-01-27T15:18:29+00:00","name":"Gas","isTechnical":false,"children":[],"isAffectingProfit":true,"icon":"mdi mdi-radiator","color":"#ffaa00","tags":[],"value":0.0,"total":0.0,"type":"expense"},{"id":132,"createdAt":"2020-12-08T16:54:07+00:00","name":"Electricity","isTechnical":false,"children":[],"isAffectingProfit":true,"icon":"ion-ios-flash","color":"#d2d22a","tags":[],"value":0.0,"total":0.0,"type":"expense"},{"id":133,"createdAt":"2020-12-08T16:56:48+00:00","name":"Water utilities costs","isTechnical":false,"children":[],"isAffectingProfit":true,"icon":"ion-ios-water","color":"#5089f9","tags":[],"value":0.0,"total":0.0,"type":"expense"}],"isAffectingProfit":true,"icon":"mdi mdi-water-pump","color":"#00f27d","tags":[{}],"value":176.90880099384668,"total":176.90880099384668,"type":"expense"},{"id":29,"createdAt":"2019-02-17T04:42:10+00:00","name":"Bath","isTechnical":false,"children":[{"id":94,"createdAt":"2019-10-26T13:40:49+00:00","name":"Laundry","isTechnical":false,"children":[],"isAffectingProfit":true,"icon":"mdi mdi-washing-machine","color":null,"tags":[],"value":0.0,"total":0.0,"type":"expense"}],"isAffectingProfit":true,"icon":"fa fa-bath","color":null,"tags":[],"value":0.0,"total":0.0,"type":"expense"},{"id":33,"createdAt":"2019-03-11T14:13:15+00:00","name":"Internet","isTechnical":false,"children":[],"isAffectingProfit":true,"icon":"ion-ios-wifi","color":null,"tags":[],"value":0.0,"total":0.0,"type":"expense"},{"id":51,"createdAt":"2019-07-01T10:11:06+00:00","name":"Pet","isTechnical":false,"children":[],"isAffectingProfit":true,"icon":"ion-ios-paw","color":null,"tags":[],"value":0.0,"total":0.0,"type":"expense"},{"id":102,"createdAt":"2019-12-02T21:57:19+00:00","name":"Tools","isTechnical":false,"children":[],"isAffectingProfit":true,"icon":"ion-ios-hammer","color":null,"tags":[],"value":0.0,"total":0.0,"type":"expense"},{"id":134,"createdAt":"2020-12-09T10:08:14+00:00","name":"Furniture","isTechnical":false,"children":[],"isAffectingProfit":true,"icon":"mdi mdi-sofa","color":null,"tags":[],"value":5.747048009869408,"total":5.747048009869408,"type":"expense"},{"id":139,"createdAt":"2021-03-31T13:37:21+00:00","name":"Construction","isTechnical":false,"children":[],"isAffectingProfit":true,"icon":"mdi mdi-account-hard-hat","color":null,"tags":[],"value":0.0,"total":0.0,"type":"expense"},{"id":144,"createdAt":"2021-12-02T16:38:49+00:00","name":"Kids","isTechnical":false,"children":[],"isAffectingProfit":true,"icon":"mdi mdi-baby-carriage","color":null,"tags":[],"value":0.0,"total":0.0,"type":"expense"}],"isAffectingProfit":true,"icon":"ion-ios-home","color":"#d7fcb0","tags":[],"value":0.0,"total":1317.87520897792,"type":"expense"},{"id":14,"createdAt":"2019-01-27T15:18:29+00:00","name":"Work Expense","isTechnical":false,"children":[{"id":71,"createdAt":"2019-08-01T13:00:21+00:00","name":"Entrepreneurship","isTechnical":false,"children":[],"isAffectingProfit":true,"icon":"ion-ios-copy","color":null,"tags":[],"value":0.0,"total":0.0,"type":"expense"},{"id":78,"createdAt":"2019-08-30T09:59:28+00:00","name":"Salary","isTechnical":false,"children":[],"isAffectingProfit":true,"icon":"ion-ios-open","color":null,"tags":[],"value":0.0,"total":0.0,"type":"expense"},{"id":97,"createdAt":"2019-11-18T11:31:39+00:00","name":"Jeatty","isTechnical":false,"children":[],"isAffectingProfit":true,"icon":"ion-ios-phone-portrait","color":null,"tags":[],"value":0.0,"total":0.0,"type":"expense"},{"id":104,"createdAt":"2020-02-12T08:11:41+00:00","name":"Education","isTechnical":false,"children":[],"isAffectingProfit":true,"icon":"ion-ios-school","color":null,"tags":[],"value":0.0,"total":0.0,"type":"expense"},{"id":123,"createdAt":"2020-05-28T17:48:51+00:00","name":"Business trip","isTechnical":false,"children":[],"isAffectingProfit":true,"icon":"ion-ios-airplane","color":null,"tags":[],"value":0.0,"total":0.0,"type":"expense"}],"isAffectingProfit":true,"icon":"ion-ios-briefcase","color":"#2b1028","tags":[],"value":0.0,"total":0.0,"type":"expense"},{"id":17,"createdAt":"2019-01-30T11:47:04+00:00","name":"Unknown","isTechnical":false,"children":[],"isAffectingProfit":true,"icon":"ion-ios-help-circle","color":"#56021e","tags":[],"value":1.655528233295714,"total":1.655528233295714,"type":"expense"},{"id":20,"createdAt":"2019-01-31T05:29:11+00:00","name":"Transportation","isTechnical":false,"children":[{"id":74,"createdAt":"2019-08-21T16:29:02+00:00","name":"Taxi","isTechnical":false,"children":[],"isAffectingProfit":true,"icon":"mdi mdi-taxi","color":null,"tags":[],"value":0.0,"total":0.0,"type":"expense"},{"id":110,"createdAt":"2020-03-07T16:49:00+00:00","name":"Vehicle","isTechnical":false,"children":[{"id":105,"createdAt":"2020-02-16T11:53:07+00:00","name":"Fuel","isTechnical":false,"children":[],"isAffectingProfit":true,"icon":"mdi mdi-fuel","color":null,"tags":[{}],"value":0.0,"total":0.0,"type":"expense"},{"id":106,"createdAt":"2020-02-16T11:54:04+00:00","name":"Car Wash","isTechnical":false,"children":[],"isAffectingProfit":true,"icon":"mdi mdi-car-wash","color":null,"tags":[],"value":0.0,"total":0.0,"type":"expense"},{"id":115,"createdAt":"2020-02-16T11:53:07+00:00","name":"Vehicle maintenance","isTechnical":false,"children":[],"isAffectingProfit":true,"icon":"mdi mdi-car-cog","color":null,"tags":[],"value":0.0,"total":0.0,"type":"expense"},{"id":122,"createdAt":"2020-05-28T17:44:20+00:00","name":"Parking","isTechnical":false,"children":[],"isAffectingProfit":true,"icon":"mdi mdi-parking","color":null,"tags":[],"value":0.0,"total":0.0,"type":"expense"},{"id":124,"createdAt":"2020-06-29T13:30:29+00:00","name":"Car Repair","isTechnical":false,"children":[],"isAffectingProfit":true,"icon":"mdi mdi-car-cog","color":null,"tags":[],"value":4.730080666559183,"total":4.730080666559183,"type":"expense"},{"id":125,"createdAt":"2020-07-09T16:02:41+00:00","name":"Car Parts","isTechnical":false,"children":[],"isAffectingProfit":true,"icon":"mdi mdi-car-cog","color":null,"tags":[],"value":18.920322666236732,"total":18.920322666236732,"type":"expense"}],"isAffectingProfit":true,"icon":"ion-logo-model-s","color":"#17eac1","tags":[],"value":0.0,"total":23.650403332795914,"type":"expense"},{"id":117,"createdAt":"2019-08-21T16:29:02+00:00","name":"Public transport","isTechnical":false,"children":[],"isAffectingProfit":true,"icon":"ion-ios-bus","color":null,"tags":[],"value":0.0,"total":0.0,"type":"expense"},{"id":121,"createdAt":"2020-05-28T17:39:25+00:00","name":"Car rental","isTechnical":false,"children":[],"isAffectingProfit":true,"icon":"ion-ios-car","color":null,"tags":[],"value":0.0,"total":0.0,"type":"expense"},{"id":149,"createdAt":"2022-05-03T15:09:08+00:00","name":"Train","isTechnical":false,"children":[],"isAffectingProfit":true,"icon":"ion-ios-train","color":null,"tags":[],"value":0.0,"total":0.0,"type":"expense"}],"isAffectingProfit":true,"icon":"ion-ios-train","color":"#32b38f","tags":[],"value":0.0,"total":23.650403332795914,"type":"expense"},{"id":21,"createdAt":"2019-02-02T08:24:53+00:00","name":"Other","isTechnical":false,"children":[{"id":5,"createdAt":"2019-01-27T15:18:29+00:00","name":"Mobile Phone","isTechnical":false,"children":[],"isAffectingProfit":true,"icon":"ion-ios-phone-portrait","color":null,"tags":[],"value":0.0,"total":0.0,"type":"expense"},{"id":9,"createdAt":"2019-01-27T15:18:29+00:00","name":"Fine","isTechnical":false,"children":[],"isAffectingProfit":true,"icon":"ion-ios-cash","color":null,"tags":[],"value":0.0,"total":0.0,"type":"expense"},{"id":15,"createdAt":"2019-01-27T15:18:29+00:00","name":"Internet Mannheim","isTechnical":false,"children":[],"isAffectingProfit":true,"icon":"ion-ios-wifi","color":null,"tags":[],"value":0.0,"total":0.0,"type":"expense"},{"id":19,"createdAt":"2019-01-31T04:15:53+00:00","name":"Charity, Gifts","isTechnical":false,"children":[],"isAffectingProfit":true,"icon":"ion-ios-gift","color":null,"tags":[],"value":0.0,"total":0.0,"type":"expense"},{"id":34,"createdAt":"2019-03-14T15:37:56+00:00","name":"Haircut","isTechnical":false,"children":[],"isAffectingProfit":true,"icon":"ion-ios-cut","color":null,"tags":[],"value":0.0,"total":0.0,"type":"expense"},{"id":70,"createdAt":"2019-08-01T12:56:26+00:00","name":"Hosting","isTechnical":false,"children":[{"id":150,"createdAt":"2022-09-04T09:24:43+00:00","name":"iCloud","isTechnical":false,"children":[],"isAffectingProfit":true,"icon":"ion-ios-cloud-outline","color":null,"tags":[],"value":9.299338590455354,"total":9.299338590455354,"type":"expense"}],"isAffectingProfit":true,"icon":"ion-ios-cloud-done","color":null,"tags":[],"value":7.149043919437549,"total":16.4483825098929,"type":"expense"},{"id":101,"createdAt":"2019-11-23T22:01:16+00:00","name":"Tobacco","isTechnical":false,"children":[{"id":11,"createdAt":"2019-01-27T15:18:29+00:00","name":"Cigarettes","isTechnical":false,"children":[],"isAffectingProfit":true,"icon":"ion-logo-no-smoking","color":null,"tags":[],"value":0.0,"total":0.0,"type":"expense"},{"id":140,"createdAt":"2021-04-04T09:19:53+00:00","name":"Snus","isTechnical":false,"children":[],"isAffectingProfit":true,"icon":"ion-ios-pie","color":null,"tags":[],"value":0.0,"total":0.0,"type":"expense"}],"isAffectingProfit":true,"icon":"ion-logo-no-smoking","color":null,"tags":[],"value":0.0,"total":0.0,"type":"expense"},{"id":114,"createdAt":"2019-01-27T15:18:29+00:00","name":"Education, development","isTechnical":false,"children":[],"isAffectingProfit":true,"icon":"ion-ios-school","color":null,"tags":[],"value":0.0,"total":0.0,"type":"expense"}],"isAffectingProfit":true,"icon":"ion-ios-pie","color":"#f2c601","tags":[],"value":0.0,"total":16.4483825098929,"type":"expense"},{"id":36,"createdAt":"2019-05-16T12:12:15+00:00","name":"Return","isTechnical":false,"children":[{"id":95,"createdAt":"2019-11-07T08:18:51+00:00","name":"Tax Refund","isTechnical":false,"children":[],"isAffectingProfit":true,"icon":"mdi mdi-cash-refund","color":null,"tags":[],"value":0.0,"total":0.0,"type":"income"},{"id":112,"createdAt":"2020-03-20T14:15:14+00:00","name":"Return on Investment","isTechnical":false,"children":[],"isAffectingProfit":true,"icon":"ion-ios-repeat","color":null,"tags":[],"value":0.0,"total":0.0,"type":"income"},{"id":127,"createdAt":"2020-09-05T12:06:04+00:00","name":"Cashback","isTechnical":false,"children":[],"isAffectingProfit":true,"icon":"mdi mdi-cash-refund","color":null,"tags":[],"value":0.0,"total":0.0,"type":"income"},{"id":137,"createdAt":"2021-02-02T09:33:19+00:00","name":"Compensation","isTechnical":false,"children":[],"isAffectingProfit":false,"icon":"mdi mdi-cash-refund","color":null,"tags":[],"value":0.0,"total":0.0,"type":"income"}],"isAffectingProfit":true,"icon":"ion-ios-undo","color":null,"tags":[],"value":0.0,"total":0.0,"type":"income"},{"id":37,"createdAt":"2019-05-16T12:12:15+00:00","name":"Spouse","isTechnical":false,"children":[],"isAffectingProfit":true,"icon":"ion-ios-woman","color":null,"tags":[],"value":0.0,"total":0.0,"type":"income"},{"id":38,"createdAt":"2019-05-16T12:12:15+00:00","name":"Bonus","isTechnical":false,"children":[{"id":39,"createdAt":"2019-05-16T12:12:15+00:00","name":"Unknown","isTechnical":false,"children":[],"isAffectingProfit":true,"icon":"ion-ios-help-circle","color":null,"tags":[],"value":0.0,"total":0.0,"type":"income"},{"id":143,"createdAt":"2021-10-29T07:56:38+00:00","name":"Gift","isTechnical":false,"children":[],"isAffectingProfit":true,"icon":null,"color":null,"tags":[],"value":0.0,"total":0.0,"type":"income"}],"isAffectingProfit":true,"icon":"ion-ios-gift","color":null,"tags":[],"value":0.0,"total":0.0,"type":"income"},{"id":41,"createdAt":"2019-05-16T12:12:15+00:00","name":"Sell","isTechnical":false,"children":[],"isAffectingProfit":true,"icon":"mdi mdi-cash-plus","color":null,"tags":[],"value":34.884344915873974,"total":34.884344915873974,"type":"income"},{"id":44,"createdAt":"2019-05-22T18:12:00+00:00","name":"Salary","isTechnical":false,"children":[{"id":42,"createdAt":"2019-05-16T12:12:15+00:00","name":"Advance","isTechnical":false,"children":[],"isAffectingProfit":true,"icon":"ion-ios-download","color":null,"tags":[],"value":0.0,"total":0.0,"type":"income"},{"id":47,"createdAt":"2019-06-26T07:22:07+00:00","name":"Detalex","isTechnical":false,"children":[],"isAffectingProfit":true,"icon":"ion-ios-download","color":null,"tags":[],"value":0.0,"total":0.0,"type":"income"},{"id":65,"createdAt":"2019-07-31T12:22:57+00:00","name":"Smart-Gamma","isTechnical":false,"children":[],"isAffectingProfit":true,"icon":"ion-ios-download","color":null,"tags":[],"value":0.0,"total":0.0,"type":"income"}],"isAffectingProfit":true,"icon":"ion-ios-download","color":null,"tags":[],"value":0.0,"total":0.0,"type":"income"},{"id":48,"createdAt":"2019-06-27T18:50:42+00:00","name":"Trading","isTechnical":false,"children":[],"isAffectingProfit":true,"icon":"ion-ios-trending-up","color":null,"tags":[],"value":0.0,"total":0.0,"type":"income"},{"id":73,"createdAt":"2019-08-01T18:56:38+00:00","name":"Shopping","isTechnical":false,"children":[{"id":63,"createdAt":"2019-07-15T15:19:47+00:00","name":"Clothes","isTechnical":false,"children":[{"id":30,"createdAt":"2019-02-17T16:11:29+00:00","name":"Shoes","isTechnical":false,"children":[],"isAffectingProfit":true,"icon":"mdi mdi-shoe-formal","color":null,"tags":[],"value":0.0,"total":0.0,"type":"expense"}],"isAffectingProfit":true,"icon":"ion-ios-shirt","color":null,"tags":[],"value":0.0,"total":0.0,"type":"expense"},{"id":98,"createdAt":"2019-11-20T20:38:26+00:00","name":"Software","isTechnical":false,"children":[],"isAffectingProfit":true,"icon":"ion-logo-github","color":null,"tags":[],"value":0.0,"total":0.0,"type":"expense"},{"id":120,"createdAt":"2020-05-28T16:12:55+00:00","name":"Electronics","isTechnical":false,"children":[],"isAffectingProfit":true,"icon":"ion-ios-power","color":null,"tags":[],"value":0.0,"total":0.0,"type":"expense"},{"id":129,"createdAt":"2020-11-24T09:01:32+00:00","name":"Delivery Costs","isTechnical":false,"children":[],"isAffectingProfit":true,"icon":"mdi mdi-truck-delivery","color":null,"tags":[],"value":3.5475604999193875,"total":3.5475604999193875,"type":"expense"}],"isAffectingProfit":true,"icon":"ion-ios-basket","color":"#7849cf","tags":[{}],"value":0.0,"total":3.5475604999193875,"type":"expense"},{"id":76,"createdAt":"2019-08-27T07:15:44+00:00","name":"Other","isTechnical":false,"children":[],"isAffectingProfit":true,"icon":"ion-ios-pie","color":null,"tags":[],"value":0.0,"total":0.0,"type":"income"},{"id":90,"createdAt":"2019-10-16T10:37:34+00:00","name":"Health & Fitness","isTechnical":false,"children":[{"id":10,"createdAt":"2019-01-27T15:18:29+00:00","name":"Medicine","isTechnical":false,"children":[],"isAffectingProfit":true,"icon":"ion-ios-medkit","color":null,"tags":[],"value":0.0,"total":0.0,"type":"expense"},{"id":23,"createdAt":"2019-02-06T19:21:46+00:00","name":"Sports","isTechnical":false,"children":[{"id":109,"createdAt":"2020-03-02T18:55:25+00:00","name":"Gym","isTechnical":false,"children":[],"isAffectingProfit":true,"icon":"ion-ios-fitness","color":null,"tags":[],"value":0.0,"total":0.0,"type":"expense"},{"id":111,"createdAt":"2020-03-10T19:24:43+00:00","name":"Wrestling","isTechnical":false,"children":[],"isAffectingProfit":true,"icon":"mdi mdi-kabaddi","color":null,"tags":[],"value":23.65040333279591,"total":23.65040333279591,"type":"expense"},{"id":130,"createdAt":"2020-12-01T10:09:39+00:00","name":"Sports Equipment","isTechnical":false,"children":[],"isAffectingProfit":true,"icon":"mdi mdi-basketball","color":null,"tags":[],"value":0.0,"total":0.0,"type":"expense"}],"isAffectingProfit":true,"icon":"mdi mdi-soccer","color":null,"tags":[],"value":0.0,"total":23.65040333279591,"type":"expense"},{"id":91,"createdAt":"2019-10-16T10:38:22+00:00","name":"Vitamins","isTechnical":false,"children":[],"isAffectingProfit":true,"icon":"mdi mdi-pill","color":null,"tags":[],"value":0.0,"total":0.0,"type":"expense"},{"id":92,"createdAt":"2019-10-16T10:38:56+00:00","name":"Food Supplements","isTechnical":false,"children":[],"isAffectingProfit":true,"icon":"mdi mdi-pill","color":null,"tags":[],"value":0.0,"total":0.0,"type":"expense"},{"id":107,"createdAt":"2020-02-17T19:55:55+00:00","name":"Doctor","isTechnical":false,"children":[{"id":108,"createdAt":"2020-02-27T14:20:19+00:00","name":"Dentist","isTechnical":false,"children":[],"isAffectingProfit":true,"icon":"mdi mdi-tooth-outline","color":null,"tags":[],"value":0.0,"total":0.0,"type":"expense"}],"isAffectingProfit":true,"icon":"fa fa-user-md","color":null,"tags":[],"value":0.0,"total":0.0,"type":"expense"},{"id":131,"createdAt":"2020-12-01T10:12:27+00:00","name":"Massage","isTechnical":false,"children":[],"isAffectingProfit":true,"icon":"mdi mdi-gesture-double-tap","color":null,"tags":[],"value":0.0,"total":0.0,"type":"expense"}],"isAffectingProfit":true,"icon":"ion-ios-pulse","color":"#51d915","tags":[],"value":0.0,"total":23.65040333279591,"type":"expense"},{"id":116,"createdAt":"2019-01-30T11:47:04+00:00","name":"Financial expenses","isTechnical":false,"children":[{"id":50,"createdAt":"2019-06-30T14:35:23+00:00","name":"Trading","isTechnical":false,"children":[],"isAffectingProfit":true,"icon":"ion-ios-trending-up","color":null,"tags":[],"value":0.0,"total":0.0,"type":"expense"},{"id":69,"createdAt":"2019-08-01T12:13:39+00:00","name":"Charges & Fees","isTechnical":false,"children":[{"id":7,"createdAt":"2019-01-27T15:18:29+00:00","name":"Expense Fee","isTechnical":false,"children":[],"isAffectingProfit":true,"icon":"ion-ios-cash","color":null,"tags":[],"value":0.0,"total":0.0,"type":"expense"},{"id":8,"createdAt":"2019-01-27T15:18:29+00:00","name":"Transfer Fee","isTechnical":false,"children":[],"isAffectingProfit":true,"icon":"ion-ios-cash","color":null,"tags":[],"value":0.0,"total":0.0,"type":"expense"},{"id":49,"createdAt":"2019-06-28T04:17:13+00:00","name":"Trading fee","isTechnical":false,"children":[],"isAffectingProfit":true,"icon":"ion-ios-cash","color":null,"tags":[],"value":0.0,"total":0.0,"type":"expense"}],"isAffectingProfit":true,"icon":"ion-ios-cash","color":null,"tags":[],"value":0.0,"total":0.0,"type":"expense"},{"id":72,"createdAt":"2019-08-01T13:01:51+00:00","name":"Tax","isTechnical":false,"children":[{"id":142,"createdAt":"2021-08-22T14:48:11+00:00","name":"\u0404\u0434\u0438\u043d\u0438\u0439 \u0441\u043e\u0446\u0456\u0430\u043b\u044c\u043d\u0438\u0439 \u0432\u043d\u0435\u0441\u043e\u043a","isTechnical":false,"children":[],"isAffectingProfit":true,"icon":"ion-ios-paper","color":null,"tags":[],"value":0.0,"total":0.0,"type":"expense"}],"isAffectingProfit":true,"icon":"ion-ios-paper","color":null,"tags":[{}],"value":0.0,"total":0.0,"type":"expense"},{"id":126,"createdAt":"2020-07-17T10:04:14+00:00","name":"Investment","isTechnical":false,"children":[{"id":138,"createdAt":"2021-02-24T15:41:51+00:00","name":"Real Estate","isTechnical":false,"children":[{"id":151,"createdAt":"2023-06-26T09:40:18+00:00","name":"Koshytska","isTechnical":false,"children":[{"id":152,"createdAt":"2023-06-26T09:40:44+00:00","name":"Renovation","isTechnical":false,"children":[{"id":155,"createdAt":"2023-09-26T13:19:44+00:00","name":"\u041c\u0435\u0431\u0435\u043b\u044c","isTechnical":false,"children":[],"isAffectingProfit":true,"icon":"","color":null,"tags":[],"value":0.0,"total":0.0,"type":"expense"},{"id":156,"createdAt":"2023-09-26T13:19:52+00:00","name":"\u0420\u0430\u0431\u043e\u0442\u044b","isTechnical":false,"children":[],"isAffectingProfit":true,"icon":"","color":null,"tags":[],"value":0.0,"total":0.0,"type":"expense"},{"id":157,"createdAt":"2023-09-26T13:19:58+00:00","name":"\u041c\u0430\u0442\u0435\u0440\u0438\u0430\u043b\u044b","isTechnical":false,"children":[],"isAffectingProfit":true,"icon":"","color":null,"tags":[],"value":0.0,"total":0.0,"type":"expense"},{"id":158,"createdAt":"2023-09-26T13:20:04+00:00","name":"\u0423\u0432\u0435\u043b\u0438\u0447\u0435\u043d\u0438\u0435 \u044d\u043b. \u043c\u043e\u0449\u043d\u043e\u0441\u0442\u0438","isTechnical":false,"children":[],"isAffectingProfit":true,"icon":"","color":null,"tags":[],"value":0.0,"total":0.0,"type":"expense"},{"id":159,"createdAt":"2023-09-26T13:50:52+00:00","name":"\u0418\u043d\u0441\u0442\u0440\u0443\u043c\u0435\u043d\u0442","isTechnical":false,"children":[],"isAffectingProfit":true,"icon":"","color":null,"tags":[],"value":0.0,"total":0.0,"type":"expense"}],"isAffectingProfit":true,"icon":"ion-ios-hammer","color":null,"tags":[],"value":0.0,"total":0.0,"type":"expense"},{"id":153,"createdAt":"2023-06-26T09:44:04+00:00","name":"Legal Expenses","isTechnical":false,"children":[],"isAffectingProfit":true,"icon":"mdi mdi-scale-balance","color":null,"tags":[],"value":0.0,"total":0.0,"type":"expense"},{"id":160,"createdAt":"2023-11-19T20:44:22+00:00","name":"\u041a\u043e\u043c\u043c\u0443\u043d\u0430\u043b\u043a\u0430","isTechnical":false,"children":[],"isAffectingProfit":true,"icon":"","color":null,"tags":[],"value":173.7784336087178,"total":173.7784336087178,"type":"expense"}],"isAffectingProfit":true,"icon":"ion-ios-home","color":null,"tags":[],"value":0.0,"total":173.7784336087178,"type":"expense"}],"isAffectingProfit":true,"icon":"mdi mdi-home-city-outline","color":null,"tags":[],"value":0.0,"total":173.7784336087178,"type":"expense"}],"isAffectingProfit":true,"icon":"ion-ios-cash","color":null,"tags":[],"value":0.0,"total":173.7784336087178,"type":"expense"}],"isAffectingProfit":true,"icon":"ion-ios-cash","color":"#1f4e5f","tags":[],"value":0.0,"total":173.7784336087178,"type":"expense"},{"id":147,"createdAt":"2022-01-22T13:22:45+00:00","name":"Entertainment","isTechnical":false,"children":[{"id":12,"createdAt":"2019-01-27T15:18:29+00:00","name":"Going Out","isTechnical":false,"children":[],"isAffectingProfit":true,"icon":"ion-ios-walk","color":null,"tags":[],"value":0.0,"total":0.0,"type":"expense"},{"id":79,"createdAt":"2019-09-09T10:10:05+00:00","name":"Hobby","isTechnical":false,"children":[{"id":85,"createdAt":"2019-09-21T23:15:18+00:00","name":"Bicycle","isTechnical":false,"children":[],"isAffectingProfit":true,"icon":"ion-ios-bicycle","color":null,"tags":[],"value":0.0,"total":0.0,"type":"expense"},{"id":100,"createdAt":"2019-11-23T14:24:17+00:00","name":"Guitar","isTechnical":false,"children":[],"isAffectingProfit":true,"icon":"mdi mdi-guitar-acoustic","color":null,"tags":[],"value":0.0,"total":0.0,"type":"expense"}],"isAffectingProfit":true,"icon":"ion-ios-bicycle","color":null,"tags":[],"value":0.0,"total":0.0,"type":"expense"},{"id":93,"createdAt":"2019-10-17T12:16:08+00:00","name":"Traveling","isTechnical":false,"children":[{"id":35,"createdAt":"2019-04-19T13:03:11+00:00","name":"Vacation","isTechnical":false,"children":[],"isAffectingProfit":true,"icon":"mdi mdi-palm-tree","color":null,"tags":[],"value":0.0,"total":0.0,"type":"expense"}],"isAffectingProfit":true,"icon":"ion-ios-boat","color":null,"tags":[],"value":0.0,"total":0.0,"type":"expense"},{"id":103,"createdAt":"2020-01-06T07:14:55+00:00","name":"Activities","isTechnical":false,"children":[],"isAffectingProfit":true,"icon":"ion-ios-people","color":null,"tags":[],"value":0.023650403332795916,"total":0.023650403332795916,"type":"expense"},{"id":113,"createdAt":"2019-01-27T15:18:29+00:00","name":"Life events","isTechnical":false,"children":[],"isAffectingProfit":true,"icon":"fa fa-birthday-cake","color":null,"tags":[],"value":0.0,"total":0.0,"type":"expense"},{"id":146,"createdAt":"2022-01-22T13:21:06+00:00","name":"Video Games","isTechnical":false,"children":[],"isAffectingProfit":true,"icon":"ion-logo-steam","color":null,"tags":[],"value":0.0,"total":0.0,"type":"expense"},{"id":148,"createdAt":"2022-01-22T14:48:24+00:00","name":"Having Guests","isTechnical":false,"children":[],"isAffectingProfit":true,"icon":"ion-ios-home","color":null,"tags":[],"value":0.0,"total":0.0,"type":"expense"}],"isAffectingProfit":true,"icon":"ion-ios-happy","color":null,"tags":[],"value":0.0,"total":0.023650403332795916,"type":"expense"},{"id":161,"createdAt":"2024-01-12T16:07:24+00:00","name":"Rent","isTechnical":false,"children":[],"isAffectingProfit":true,"icon":"ion-ios-home","color":null,"tags":[],"value":0.0,"total":0.0,"type":"income"}]