[{"after":1609459200,"before":1640995199,"expense":69677.38197305614,"income":73306.92391936592}]