[{"after":1612137600,"before":1612223999,"expense":69.66920137382611,"income":54.42804616440694}]