-
    after: 1609459200
    before: 1612137599
    expense: 1514.2041737888
    income: 6807.4418551848
